<html>
<body>
<pre>
<h1>礦ision Build Log</h1>
<h2>Tool Versions:</h2>
IDE-Version: μVision V5.12.0.0
Copyright (C) 2014 ARM Ltd and ARM Germany GmbH. All rights reserved.
License Information: 5 Microsoft, Microsoft, LIC=UJWAR-KMGD2-ZWQ2V-PZWEV-QH6ET-9P836
 
Tool Versions:
Toolchain:       MDK-ARM Standard  Version: 5.12.0.0
Toolchain Path:  C:\Keil_v5\ARM\ARMCC\Bin
C Compiler:      Armcc.exe V5.05 (build 41)
Assembler:       Armasm.exe V5.05 (build 41)
Linker/Locator:  ArmLink.exe V5.05 (build 41)
Library Manager: ArmAr.exe V5.05 (build 41)
Hex Converter:   FromElf.exe V5.05 (build 41)
CPU DLL:         SARMCM3.DLL V5.12.0.0
Dialog DLL:      DARMSTM.DLL V1.65.0.0
    Target DLL: STLink\ST-LINKIII-KEIL_SWO.dll
Dialog DLL:      TARMSTM.DLL V1.64.0.0
 
<h2>Project:</h2>
F:\WORK\资料\STM32F103\sichuang_20171018\四川农科院项目\USER\Cocoonery monitoring system.uvprojx
Project File Date:  10/08/2017

<h2>Output:</h2>
Build target 'TOUCH'
compiling stm32f10x_gpio.c...
compiling stm32f10x_rcc.c...
compiling stm32f10x_spi.c...
compiling stm32f10x_usart.c...
linking...
Program Size: Code=54450 RO-data=29274 RW-data=204 ZI-data=6108  
FromELF: creating hex file...
"..\OBJ\TOUCH.axf" - 0 Error(s), 0 Warning(s).
</pre>
</body>
</html>
g ft5206.c...
compiling gt9147.c...
compiling beep.c...
compiling rs485.c...
compiling timer.c...
compiling delay.c...
compiling sys.c...
compiling usart.c...
compiling core_cm3.c...
assembling startup_stm32f10x_hd.s...
compiling misc.c...
compiling stm32f10x_fsmc.c...
stm32f10x_fsmc.c: Error: C4051E: couldn't write file '..\obj\stm32f10x_fsmc.o': Permission denied
"..\OBJ\TOUCH.axf" - 1 Error(s), 0 Warning(s).
Target not created.
